yangluos-MacBook-Pro:Desktop yangluo$ pwd
/Users/yangluo/Desktop
yangluos-MacBook-Pro:Desktop yangluo$ mkdir GitHubRepoAssignment
yangluos-MacBook-Pro:Desktop yangluo$ pwd
/Users/yangluo/Desktop
yangluos-MacBook-Pro:Desktop yangluo$ cd GitHubRepoAssignment
yangluos-MacBook-Pro:GitHubRepoAssignment yangluo$ git init
Initialized empty Git repository in /Users/yangluo/Desktop/GitHubRepoAssignment/.git/
yangluos-MacBook-Pro:GitHubRepoAssignment yangluo$ touch readme.md
yangluos-MacBook-Pro:GitHubRepoAssignment yangluo$ git status
On branch master

No commits yet

Untracked files:
  (use "git add <file>..." to include in what will be committed)

	readme.md

nothing added to commit but untracked files present (use "git add" to track)
yangluos-MacBook-Pro:GitHubRepoAssignment yangluo$ vi readme.md
yangluos-MacBook-Pro:GitHubRepoAssignment yangluo$ git status
On branch master

No commits yet

Untracked files:
  (use "git add <file>..." to include in what will be committed)

	readme.md

nothing added to commit but untracked files present (use "git add" to track)
yangluos-MacBook-Pro:GitHubRepoAssignment yangluo$ git add .
yangluos-MacBook-Pro:GitHubRepoAssignment yangluo$ git status
On branch master

No commits yet

Changes to be committed:
  (use "git rm --cached <file>..." to unstage)

	new file:   readme.md

yangluos-MacBook-Pro:GitHubRepoAssignment yangluo$ git commit -m "GitHubRepositoryAssignment added"
[master (root-commit) 789cd4c] GitHubRepositoryAssignment added
 1 file changed, 1 insertion(+)
 create mode 100644 readme.md
yangluos-MacBook-Pro:GitHubRepoAssignment yangluo$ git remote add origin https://github.com/yangluo0901/GitHubRepoAssignment.git
yangluos-MacBook-Pro:GitHubRepoAssignment yangluo$ git push -u origin master
Username for 'https://github.com': yangluo0901
Password for 'https://yangluo0901@github.com': 
Counting objects: 3, done.
Writing objects: 100% (3/3), 266 bytes | 266.00 KiB/s, done.
Total 3 (delta 0), reused 0 (delta 0)
To https://github.com/yangluo0901/GitHubRepoAssignment.git
 * [new branch]      master -> master
Branch master set up to track remote branch master from origin.
yangluos-MacBook-Pro:GitHubRepoAssignment yangluo$ git status
On branch master
Your branch is up-to-date with 'origin/master'.

nothing to commit, working tree clean
yangluos-MacBook-Pro:GitHubRepoAssignment yangluo$ 

